******************************************************************************
                  TMS470 Linker PC v4.9.5                      
******************************************************************************
>> Linked Wed Jul 20 16:06:13 2016

OUTPUT FILE NAME:   <Arkanoid.out>
ENTRY POINT SYMBOL: "_c_int00"  address: 0000176d


MEMORY CONFIGURATION

         name            origin    length      used     unused   attr    fill
----------------------  --------  ---------  --------  --------  ----  --------
  FLASH                 00000000   00040000  000023d6  0003dc2a  R  X
  SRAM                  20000000   00010000  00003378  0000cc88  RW X


SEGMENT ALLOCATION MAP

run origin  load origin   length   init length attrs members
----------  ----------- ---------- ----------- ----- -------
00000000    00000000    000023d8   000023d8    r-x
  00000000    00000000    000000f0   000000f0    r-- .intvecs
  000000f0    000000f0    00001956   00001956    r-x .text
  00001a48    00001a48    00000358   00000358    r-- .const
  00001da0    00001da0    00000638   00000638    r-- .cinit
20000000    20000000    00003378   00003250    rw-
  20000000    20000000    00003250   00003250    rw- .data
  20003250    20003250    00000100   00000000    rw- .stack
  20003350    20003350    00000028   00000000    rw- .bss


SECTION ALLOCATION MAP

 output                                  attributes/
section   page    origin      length       input sections
--------  ----  ----------  ----------   ----------------
.intvecs   0    00000000    000000f0     
                  00000000    000000f0     startup_ccs.obj (.intvecs)

.init_array 
*          0    00000000    00000000     UNINITIALIZED

.text      0    000000f0    00001956     
                  000000f0    00000262     arkanoid.obj (.text:uvsnprintf)
                  00000352    00000002     startup_ccs.obj (.text:FaultISR)
                  00000354    000001c8     arkanoid.obj (.text:levelUpgrade)
                  0000051c    000001a8     arkanoid.obj (.text:main)
                  000006c4    00000198     driverlib-cm3.lib : sysctl.obj (.text:SysCtlClockGet)
                  0000085c    00000164     arkanoid.obj (.text:ballMove)
                  000009c0    00000144     driverlib-cm3.lib : sysctl.obj (.text:SysCtlClockSet)
                  00000b04    0000013c     arkanoid.obj (.text:stop_bila_game_over)
                  00000c40    000000d4     rit128x96x4.obj (.text:RIT128x96x4StringDraw)
                  00000d14    000000c8     driverlib-cm3.lib : gpio.obj (.text:GPIOPadConfigSet)
                  00000ddc    000000a0     rit128x96x4.obj (.text:RIT128x96x4Init)
                  00000e7c    0000009c     arkanoid.obj (.text:portFInterruptHandler)
                  00000f18    0000009c     rtsv7M3_T_le_eabi.lib : memcpy_t2.obj (.text)
                  00000fb4    00000094                           : auto_init.obj (.text)
                  00001048    00000080     arkanoid.obj (.text:afisare_scor)
                  000010c8    00000078     rtsv7M3_T_le_eabi.lib : memset_t2.obj (.text)
                  00001140    00000070     arkanoid.obj (.text:caramidaLovita)
                  000011b0    00000064     driverlib-cm3.lib : interrupt.obj (.text:IntEnable)
                  00001214    00000064     rit128x96x4.obj (.text:RIT128x96x4ImageDraw)
                  00001278    00000060     rit128x96x4.obj (.text:RIT128x96x4Enable)
                  000012d8    0000005e     rtsv7M3_T_le_eabi.lib : copy_decompress_rle.obj (.text)
                  00001336    00000002     startup_ccs.obj (.text:IntDefaultHandler)
                  00001338    0000005c     rit128x96x4.obj (.text:RITWriteCommand)
                  00001394    0000005c     rit128x96x4.obj (.text:RITWriteData)
                  000013f0    00000058     driverlib-cm3.lib : sysctl.obj (.text:SysCtlPeripheralEnable)
                  00001448    00000050     arkanoid.obj (.text:PrintCaramizi)
                  00001498    00000048     rit128x96x4.obj (.text:RIT128x96x4Clear)
                  000014e0    00000048     rtsv7M3_T_le_eabi.lib : cpy_tbl.obj (.text)
                  00001528    00000044     driverlib-cm3.lib : gpio.obj (.text:GPIOIntTypeSet)
                  0000156c    00000044                       : ssi.obj (.text:SSIConfigSetExpClk)
                  000015b0    00000044     rtsv7M3_T_le_eabi.lib : exit.obj (.text)
                  000015f4    00000042     arkanoid.obj (.text:deleteCaramida)
                  00001636    00000002     startup_ccs.obj (.text:NmiSR)
                  00001638    00000040     arkanoid.obj (.text:enablePortF)
                  00001678    00000040     arkanoid.obj (.text:terminare_joc)
                  000016b8    0000003c     alvutils.obj (.text:drawFullRect)
                  000016f4    0000003c     arkanoid.obj (.text:miscare_bara_dreapta)
                  00001730    0000003c     arkanoid.obj (.text:miscare_bara_stanga)
                  0000176c    00000034     rtsv7M3_T_le_eabi.lib : boot.obj (.text)
                  000017a0    00000032     arkanoid.obj (.text:clear_bara)
                  000017d2    00000032     arkanoid.obj (.text:draw_bara)
                  00001804    00000030     alvutils.obj (.text:setPixel)
                  00001834    0000002e     driverlib-cm3.lib : gpio.obj (.text:GPIODirModeSet)
                  00001862    0000002a     arkanoid.obj (.text:clear_bila)
                  0000188c    0000002a     arkanoid.obj (.text:draw_bila)
                  000018b6    00000002     --HOLE-- [fill = 0]
                  000018b8    00000023     alvutils.obj (.text:printUl)
                  000018db    00000001     --HOLE-- [fill = 0]
                  000018dc    00000022     arkanoid.obj (.text:printCaramida)
                  000018fe    00000022     arkanoid.obj (.text:ustrncpy)
                  00001920    00000020     arkanoid.obj (.text:usprintf)
                  00001940    0000001c     dsputils.obj (.text:dspRst)
                  0000195c    00000018     rtsv7M3_T_le_eabi.lib : _lock.obj (.text)
                  00001974    00000018                           : args_main.obj (.text)
                  0000198c    00000012     driverlib-cm3.lib : gpio.obj (.text:GPIOPinTypeGPIOInput)
                  0000199e    00000012                       : gpio.obj (.text:GPIOPinTypeGPIOOutput)
                  000019b0    00000012                       : gpio.obj (.text:GPIOPinTypeSSI)
                  000019c2    00000012     rtsv7M3_T_le_eabi.lib : copy_zero_init.obj (.text:decompress:ZI)
                  000019d4    0000000e                           : copy_decompress_none.obj (.text:decompress:none)
                  000019e2    0000000c     driverlib-cm3.lib : gpio.obj (.text:GPIOPinIntEnable)
                  000019ee    00000002     --HOLE-- [fill = 0]
                  000019f0    0000000c     rit128x96x4.obj (.text:RIT128x96x4DisplayOff)
                  000019fc    0000000a     driverlib-cm3.lib : ssi.obj (.text:SSIDataPut)
                  00001a06    0000000a                       : ssi.obj (.text:SSIDisable)
                  00001a10    0000000a                       : ssi.obj (.text:SSIEnable)
                  00001a1a    00000008                       : ssi.obj (.text:SSIBusy)
                  00001a22    00000006                       : gpio.obj (.text:GPIOPinIntClear)
                  00001a28    00000006                       : gpio.obj (.text:GPIOPinRead)
                  00001a2e    00000006                       : gpio.obj (.text:GPIOPinWrite)
                  00001a34    00000006     startup_ccs.obj (.text:ResetISR)
                  00001a3a    00000006     driverlib-cm3.lib : sysctl.obj (.text:SysCtlDelay)
                  00001a40    00000006     rtsv7M3_T_le_eabi.lib : copy_decompress_rle.obj (.text:decompress:rle24)

.const     0    00001a48    00000358     
                  00001a48    000001e0     rit128x96x4.obj (.const:g_pucFont)
                  00001c28    00000070     driverlib-cm3.lib : interrupt.obj (.const)
                  00001c98    0000006c                       : sysctl.obj (.const:g_pulXtals)
                  00001d04    0000004f     rit128x96x4.obj (.const:g_pucRIT128x96x4Init)
                  00001d53    00000001     --HOLE-- [fill = 0]
                  00001d54    00000040     driverlib-cm3.lib : sysctl.obj (.const)
                  00001d94    0000000c     rit128x96x4.obj (.const)

.cinit     0    00001da0    00000638     
                  00001da0    00000611     (.cinit..data.load) [load image, compression = rle]
                  000023b1    00000003     --HOLE-- [fill = 0]
                  000023b4    0000000c     (__TI_handler_table)
                  000023c0    00000008     (.cinit..bss.load) [load image, compression = zero_init]
                  000023c8    00000010     (__TI_cinit_table)

.data      0    20000000    00003250     
                  20000000    00001800     arkanoid.obj (.data:imag)
                  20001800    00001800     dsputils.obj (.data:logo)
                  20003000    00000054     arkanoid.obj (.data)
                  20003054    00000050     arkanoid.obj (.data:vCaramiziLv4)
                  200030a4    00000050     arkanoid.obj (.data:vCaramiziLv6)
                  200030f4    00000050     arkanoid.obj (.data:vCaramiziLv7)
                  20003144    00000040     arkanoid.obj (.data:vCaramiziLv1)
                  20003184    00000040     arkanoid.obj (.data:vCaramiziLv2)
                  200031c4    00000038     arkanoid.obj (.data:vCaramiziLv3)
                  200031fc    00000038     arkanoid.obj (.data:vCaramiziLv5)
                  20003234    00000008     dsputils.obj (.data)
                  2000323c    00000008     rtsv7M3_T_le_eabi.lib : _lock.obj (.data)
                  20003244    00000008                           : exit.obj (.data)
                  2000324c    00000004                           : stkdepth_vars.obj (.data)

.stack     0    20003250    00000100     UNINITIALIZED
                  20003250    00000100     --HOLE--

.bss       0    20003350    00000028     UNINITIALIZED
                  20003350    0000001c     arkanoid.obj (.bss)
                  2000336c    0000000c     rit128x96x4.obj (.bss)


LINKER GENERATED COPY TABLES

__TI_cinit_table @ 000023c8 records: 2, size/record: 8, table size: 16
	.data: load addr=00001da0, load size=00000611 bytes, run addr=20000000, run size=00003250 bytes, compression=rle
	.bss: load addr=000023c0, load size=00000008 bytes, run addr=20003350, run size=00000028 bytes, compression=zero_init


LINKER GENERATED HANDLER TABLE

__TI_handler_table @ 000023b4 records: 3, size/record: 4, table size: 12
	index: 0, handler: __TI_decompress_rle24
	index: 1, handler: __TI_decompress_none
	index: 2, handler: __TI_zero_init


GLOBAL SYMBOLS: SORTED ALPHABETICALLY BY Name 

address    name
--------   ----
000015b1   C$$EXIT
20003030   CentrareDispX
00001835   GPIODirModeSet
00001529   GPIOIntTypeSet
00000d15   GPIOPadConfigSet
00001a23   GPIOPinIntClear
000019e3   GPIOPinIntEnable
00001a29   GPIOPinRead
0000198d   GPIOPinTypeGPIOInput
0000199f   GPIOPinTypeGPIOOutput
000019b1   GPIOPinTypeSSI
00001a2f   GPIOPinWrite
2000302c   GameOverFlag
2000303c   HighSpeedLeft
20003040   HighSpeedRight
20003028   HitBack
000011b1   IntEnable
20003004   Pauza
00001449   PrintCaramizi
00001499   RIT128x96x4Clear
000019f1   RIT128x96x4DisplayOff
00001279   RIT128x96x4Enable
00001215   RIT128x96x4ImageDraw
00000ddd   RIT128x96x4Init
00000c41   RIT128x96x4StringDraw
00001a35   ResetISR
UNDEFED    SHT$$INIT_ARRAY$$Base
UNDEFED    SHT$$INIT_ARRAY$$Limit
00001a1b   SSIBusy
0000156d   SSIConfigSetExpClk
000019fd   SSIDataPut
00001a07   SSIDisable
00001a11   SSIEnable
000006c5   SysCtlClockGet
000009c1   SysCtlClockSet
00001a3b   SysCtlDelay
000013f1   SysCtlPeripheralEnable
20003358   Xball
20003350   Xbar
2000335c   Yball
20003354   Ybar
20003350   __STACK_END
00000100   __STACK_SIZE
20003350   __STACK_TOP
000023c8   __TI_CINIT_Base
000023d8   __TI_CINIT_Limit
000023b4   __TI_Handler_Table_Base
000023c0   __TI_Handler_Table_Limit
00000001   __TI_args_main
00000fb5   __TI_auto_init
000019d5   __TI_decompress_none
00001a41   __TI_decompress_rle24
00000000   __TI_static_base__
000019c3   __TI_zero_init
000010c9   __aeabi_memclr
000010c9   __aeabi_memclr4
000010c9   __aeabi_memclr8
00000f19   __aeabi_memcpy
00000f19   __aeabi_memcpy4
00000f19   __aeabi_memcpy8
000010cb   __aeabi_memset
000010cb   __aeabi_memset4
000010cb   __aeabi_memset8
ffffffff   __binit__
ffffffff   __c_args__
20003250   __stack
00001975   _args_main
0000176d   _c_int00
20003244   _cleanup_ptr
20003248   _dtors_ptr
2000323c   _lock
00001969   _nop
00001963   _register_lock
0000195d   _register_unlock
20003240   _unlock
000015b5   abort
20003024   afisare_level
00001049   afisare_scor
0000085d   ballMove
ffffffff   binit
2000300c   blockINT
20003010   block_from_ball_length
00001141   caramidaLovita
000017a1   clear_bara
00001863   clear_bila
000014e1   copy_in
2000301c   count
20003234   cursorX
20003238   cursorY
20003360   data_e
000015f5   deleteCaramida
20003034   deltaXBall
20003038   deltaYBall
000016b9   drawFullRect
000017d3   draw_bara
0000188d   draw_bila
00001941   dspRst
00001639   enablePortF
000015bd   exit
20003014   flag_scor
00000000   g_pfnVectors
20000000   imag
20003368   level
00000355   levelUpgrade
20001800   logo
0000051d   main
2000324c   main_func_sp
00000f19   memcpy
000010d1   memset
000016f5   miscare_bara_dreapta
00001731   miscare_bara_stanga
20003048   nc
20003018   neApasat
20003044   pLevel
00000e7d   portFInterruptHandler
000018dd   printCaramida
000018b9   printUl
20003008   schimbat
20003364   scor
2000304c   scor_nc
00001805   setPixel
20003020   stop_bila_flag
00000b05   stop_bila_game_over
00001679   terminare_joc
00001921   usprintf
000018ff   ustrncpy
000000f1   uvsnprintf
20003144   vCaramiziLv1
20003184   vCaramiziLv2
200031c4   vCaramiziLv3
20003054   vCaramiziLv4
200031fc   vCaramiziLv5
200030a4   vCaramiziLv6
200030f4   vCaramiziLv7


GLOBAL SYMBOLS: SORTED BY Symbol Address 

address    name
--------   ----
00000000   __TI_static_base__
00000000   g_pfnVectors
00000001   __TI_args_main
000000f1   uvsnprintf
00000100   __STACK_SIZE
00000355   levelUpgrade
0000051d   main
000006c5   SysCtlClockGet
0000085d   ballMove
000009c1   SysCtlClockSet
00000b05   stop_bila_game_over
00000c41   RIT128x96x4StringDraw
00000d15   GPIOPadConfigSet
00000ddd   RIT128x96x4Init
00000e7d   portFInterruptHandler
00000f19   __aeabi_memcpy
00000f19   __aeabi_memcpy4
00000f19   __aeabi_memcpy8
00000f19   memcpy
00000fb5   __TI_auto_init
00001049   afisare_scor
000010c9   __aeabi_memclr
000010c9   __aeabi_memclr4
000010c9   __aeabi_memclr8
000010cb   __aeabi_memset
000010cb   __aeabi_memset4
000010cb   __aeabi_memset8
000010d1   memset
00001141   caramidaLovita
000011b1   IntEnable
00001215   RIT128x96x4ImageDraw
00001279   RIT128x96x4Enable
000013f1   SysCtlPeripheralEnable
00001449   PrintCaramizi
00001499   RIT128x96x4Clear
000014e1   copy_in
00001529   GPIOIntTypeSet
0000156d   SSIConfigSetExpClk
000015b1   C$$EXIT
000015b5   abort
000015bd   exit
000015f5   deleteCaramida
00001639   enablePortF
00001679   terminare_joc
000016b9   drawFullRect
000016f5   miscare_bara_dreapta
00001731   miscare_bara_stanga
0000176d   _c_int00
000017a1   clear_bara
000017d3   draw_bara
00001805   setPixel
00001835   GPIODirModeSet
00001863   clear_bila
0000188d   draw_bila
000018b9   printUl
000018dd   printCaramida
000018ff   ustrncpy
00001921   usprintf
00001941   dspRst
0000195d   _register_unlock
00001963   _register_lock
00001969   _nop
00001975   _args_main
0000198d   GPIOPinTypeGPIOInput
0000199f   GPIOPinTypeGPIOOutput
000019b1   GPIOPinTypeSSI
000019c3   __TI_zero_init
000019d5   __TI_decompress_none
000019e3   GPIOPinIntEnable
000019f1   RIT128x96x4DisplayOff
000019fd   SSIDataPut
00001a07   SSIDisable
00001a11   SSIEnable
00001a1b   SSIBusy
00001a23   GPIOPinIntClear
00001a29   GPIOPinRead
00001a2f   GPIOPinWrite
00001a35   ResetISR
00001a3b   SysCtlDelay
00001a41   __TI_decompress_rle24
000023b4   __TI_Handler_Table_Base
000023c0   __TI_Handler_Table_Limit
000023c8   __TI_CINIT_Base
000023d8   __TI_CINIT_Limit
20000000   imag
20001800   logo
20003004   Pauza
20003008   schimbat
2000300c   blockINT
20003010   block_from_ball_length
20003014   flag_scor
20003018   neApasat
2000301c   count
20003020   stop_bila_flag
20003024   afisare_level
20003028   HitBack
2000302c   GameOverFlag
20003030   CentrareDispX
20003034   deltaXBall
20003038   deltaYBall
2000303c   HighSpeedLeft
20003040   HighSpeedRight
20003044   pLevel
20003048   nc
2000304c   scor_nc
20003054   vCaramiziLv4
200030a4   vCaramiziLv6
200030f4   vCaramiziLv7
20003144   vCaramiziLv1
20003184   vCaramiziLv2
200031c4   vCaramiziLv3
200031fc   vCaramiziLv5
20003234   cursorX
20003238   cursorY
2000323c   _lock
20003240   _unlock
20003244   _cleanup_ptr
20003248   _dtors_ptr
2000324c   main_func_sp
20003250   __stack
20003350   Xbar
20003350   __STACK_END
20003350   __STACK_TOP
20003354   Ybar
20003358   Xball
2000335c   Yball
20003360   data_e
20003364   scor
20003368   level
ffffffff   __binit__
ffffffff   __c_args__
ffffffff   binit
UNDEFED    SHT$$INIT_ARRAY$$Base
UNDEFED    SHT$$INIT_ARRAY$$Limit

[134 symbols]
